../Core/Src/main.c:167:5:main	16	static
../Core/Src/main.c:328:6:SystemClock_Config	88	static
../Core/Src/main.c:375:13:MX_TIM1_Init	32	static
../Core/Src/main.c:421:13:MX_TIM2_Init	64	static
../Core/Src/main.c:484:13:MX_TIM3_Init	64	static
../Core/Src/main.c:543:13:MX_USART1_UART_Init	8	static
../Core/Src/main.c:576:13:MX_GPIO_Init	48	static
../Core/Src/main.c:645:6:HAL_GPIO_EXTI_Callback	16	static
../Core/Src/main.c:659:6:HAL_UART_RxCpltCallback	16	static
../Core/Src/main.c:690:6:set_servo_angle	16	static
../Core/Src/main.c:702:6:swap_motors	8	static
../Core/Src/main.c:726:6:Error_Handler	4	static
